
> gstdesk@0.1.0 build
> next build

Γû▓ Next.js 16.1.6 (Turbopack)
- Environments: .env.local

node.exe : ΓÜá The 
"middleware" file 
convention is 
deprecated. Please use 
"proxy" instead. Learn 
more: https://nextjs.or
g/docs/messages/middlew
are-to-proxy
At line:1 char:1
+ & "C:\Program 
Files\nodejs/node.exe" 
"C:\Program 
Files\nodejs/node_mo 
...
+ ~~~~~~~~~~~~~~~~~~~~~
~~~~~~~~~~~~~~~~~~~~~~~
~~~~~~~~~~~~~~~~~~~~~~~
~~
    + CategoryInfo     
         : NotSpecifi  
  ed: (ΓÜá The "midd   
 le...leware-to-pro    
xy:String) [], Rem    
oteException
    + FullyQualifiedEr 
   rorId : NativeComm  
  andError
 
  Creating an optimized production build ...

thread 
'tokio-runtime-worker' 
(3260) panicked at C:\a
ctions-runner\_work\nex
t.js\next.js\turbopack\
crates\turbo-tasks-back
end\src\backend\mod.rs:
1526:13:
Dependency tracking is 
disabled so 
invalidation is not 
allowed
note: run with 
`RUST_BACKTRACE=1` 
environment variable 
to display a backtrace

thread 
'tokio-runtime-worker' 
(12984) panicked at C:\
actions-runner\_work\ne
xt.js\next.js\turbopack
\crates\turbo-tasks-bac
kend\src\backend\mod.rs
:1526:13:
Dependency tracking is 
disabled so 
invalidation is not 
allowed

-----
[1m[31mFATAL[39m[0m
: An unexpected 
Turbopack error 
occurred. A panic log 
has been written to C:\
Users\techj\AppData\Loc
al\Temp\next-panic-86ef
726bdf602c2a0b0fa1db479
dbbc6.log.

To help make Turbopack 
better, report this 
error by ]8;;https://g
ithub.com/vercel/next.j
s/discussions/new?categ
ory=turbopack-error-rep
ort&title=Turbopack%20E
rror%3A%20Dependency%20
tracking%20is%20disable
d%20so%20invalidation%2
0is%20not%20allowed%20a
t%20C%3A%5Cactions-runn
er%5C_work%5Cnext.js%5C
next.js%5Cturbopack%5Cc
rates%5Cturbo-tasks-bac
kend%5Csrc%5Cbackend%5C
mod.rs%3A1526%3A13&body
=Turbopack%20version%3A
%20%6023c46498%60%0ANex
t.js%20version%3A%20%60
0.0.0%60%0A%0AError%20m
essage%3A%0A%60%60%60%0
ADependency%20tracking%
20is%20disabled%20so%20
invalidation%20is%20not
%20allowed%20at%20C%3A%
5Cactions-runner%5C_wor
k%5Cnext.js%5Cnext.js%5
Cturbopack%5Ccrates%5Ct
urbo-tasks-backend%5Csr
c%5Cbackend%5Cmod.rs%3A
1526%3A13%0A%60%60%60&l
abels=Turbopack,Turbopa
ck%20Panic%20Backtrace
\clicking here.]8;;\
-----


> Build error occurred
Error [TurbopackInterna
lError]: Dependency 
tracking is disabled 
so invalidation is not 
allowed at C:\actions-r
unner\_work\next.js\nex
t.js\turbopack\crates\t
urbo-tasks-backend\src\
backend\mod.rs:1526:13
    at <unknown> (Turbo
packInternalError: 
Dependency tracking is 
disabled so 
invalidation is not 
allowed at C:\actions-r
unner\_work\next.js\nex
t.js\turbopack\crates\t
urbo-tasks-backend\src\
backend\mod.rs:1526:13)
 {
  type: 'TurbopackInter
nalError',
  location: 'C:\\action
s-runner\\_work\\next.j
s\\next.js\\turbopack\\
crates\\turbo-tasks-bac
kend\\src\\backend\\mod
.rs:1526:13'
}
